{"Tokens":[{"Int":"int"},{"Identifier":"main"},{"Punctuator":"("},{"Int":"int"},{"Identifier":"argc"},{"Punctuator":","},{"Char":"char"},{"Punctuator":"*"},{"Punctuator":"*"},{"Identifier":"argv"},{"Punctuator":")"},{"Punctuator":"{"},{"Int":"int"},{"Identifier":"i"},{"Punctuator":"="},{"IntegerConstant":"1000"},{"Punctuator":";"},{"Identifier":"i"},{"IncOp":"++"},{"Punctuator":";"},{"IncOp":"++"},{"Identifier":"i"},{"Punctuator":";"},{"Identifier":"i"},{"DecOp":"--"},{"Punctuator":";"},{"DecOp":"--"},{"Identifier":"i"},{"Punctuator":";"},{"Identifier":"i"},{"RightAssign":">>="},{"IntegerConstant":"1"},{"Punctuator":";"},{"Identifier":"i"},{"LeftAssign":"<<="},{"IntegerConstant":"2"},{"Punctuator":";"},{"Identifier":"i"},{"AddAssign":"+="},{"IntegerConstant":"1"},{"Punctuator":";"},{"Identifier":"i"},{"SubAssign":"-="},{"IntegerConstant":"1"},{"Punctuator":";"},{"If":"if"},{"Punctuator":"("},{"Identifier":"i"},{"EqOp":"=="},{"IntegerConstant":"1"},{"OrOp":"||"},{"Identifier":"i"},{"NeOp":"!="},{"IntegerConstant":"2"},{"Punctuator":")"},{"Return":"return"},{"IntegerConstant":"0"},{"Punctuator":";"},{"If":"if"},{"Punctuator":"("},{"Identifier":"i"},{"GeOp":">="},{"IntegerConstant":"4"},{"AndOp":"&&"},{"Identifier":"i"},{"LeOp":"<="},{"IntegerConstant":"8"},{"Punctuator":")"},{"Return":"return"},{"IntegerConstant":"1"},{"Punctuator":";"},{"Const":"const"},{"Char":"char"},{"Punctuator":"*"},{"Identifier":"str"},{"Punctuator":"="},{"StringLiteral":"this is a string//literal += 100||"},{"Punctuator":";"},{"Punctuator":"}"},{"Eof":""}]}
